TEST LOG
Initial axios headers: {"Accept":"application/json, text/plain, */*","Content-Type":"application/json","Authorization":"QB-USER-TOKEN b9f3pk_q4jd_0_b4qu5eebyvuix3xs57ysd7zn3","QB-Realm-Hostname":"builderprogram-dbradford6815.quickbase.com"}
Proxy get: getFields
Method map keys: ["createField","deleteFields","getField","getFieldUsage","getFields","getFieldsUsage","updateField","copyApp","createApp","deleteApp","getApp","getAppEvents","updateApp","deleteRecords","runQuery","upsert","createRelationship","createTable","deleteRelationship","deleteTable","getAppTables","getRelationships","getTable","updateRelationship","updateTable"]
Invoking method: getFields
Args for getFields: ["buwai2zud","builderprogram-dbradford6815.quickbase.com","QB-USER-TOKEN b9f3pk_q4jd_0_b4qu5eebyvuix3xs57ysd7zn3",true,null,{"headers":{"Authorization":"QB-USER-TOKEN b9f3pk_q4jd_0_b4qu5eebyvuix3xs57ysd7zn3","QB-Realm-Hostname":"builderprogram-dbradford6815.quickbase.com","Content-Type":"application/json"}}]
Axios defaults: {"Accept":"application/json, text/plain, */*","Content-Type":"application/json","Authorization":"QB-USER-TOKEN b9f3pk_q4jd_0_b4qu5eebyvuix3xs57ysd7zn3","QB-Realm-Hostname":"builderprogram-dbradford6815.quickbase.com"}
Request headers: {"Accept":"application/json, text/plain, */*","Content-Type":"application/json","Authorization":"QB-USER-TOKEN b9f3pk_q4jd_0_b4qu5eebyvuix3xs57ysd7zn3","QB-Realm-Hostname":"builderprogram-dbradford6815.quickbase.com","User-Agent":"axios/1.8.1","Accept-Encoding":"gzip, compress, deflate, br"}
Response status: 200
[
  {
    appearsByDefault: false,
    audited: false,
    bold: false,
    doesDataCopy: false,
    fieldHelp: '',
    fieldType: 'timestamp',
    findEnabled: false,
    id: 1,
    label: 'Date Created',
    mode: '',
    noWrap: true,
    permissions: [ [Object], [Object], [Object] ],
    properties: {
      allowNewChoices: false,
      carryChoices: true,
      defaultToday: false,
      defaultValue: '',
      displayDayOfWeek: false,
      displayMonth: 'number',
      displayRelative: false,
      displayTime: true,
      displayTimezone: false,
      foreignKey: false,
      formula: '',
      primaryKey: false,
      sortAsGiven: true
    },
    required: false,
    unique: false
  },
  {
    appearsByDefault: false,
    audited: false,
    bold: false,
    doesDataCopy: false,
    fieldHelp: '',
    fieldType: 'timestamp',
    findEnabled: false,
    id: 2,
    label: 'Date Modified',
    mode: '',
    noWrap: true,
    permissions: [ [Object], [Object], [Object] ],
    properties: {
      allowNewChoices: false,
      carryChoices: true,
      defaultToday: false,
      defaultValue: '',
      displayDayOfWeek: false,
      displayMonth: 'number',
      displayRelative: false,
      displayTime: true,
      displayTimezone: false,
      foreignKey: false,
      formula: '',
      primaryKey: false,
      sortAsGiven: true
    },
    required: false,
    unique: false
  },
  {
    appearsByDefault: false,
    audited: false,
    bold: false,
    doesDataCopy: false,
    fieldHelp: '',
    fieldType: 'recordid',
    findEnabled: false,
    id: 3,
    label: 'Record ID#',
    mode: '',
    noWrap: true,
    permissions: [ [Object], [Object], [Object] ],
    properties: {
      allowNewChoices: false,
      blankIsZero: true,
      carryChoices: true,
      commaStart: 4,
      decimalPlaces: 0,
      defaultValue: '',
      doesAverage: false,
      doesTotal: false,
      foreignKey: false,
      formula: '',
      numberFormat: 0,
      primaryKey: true,
      sortAsGiven: true
    },
    required: false,
    unique: true
  },
  {
    appearsByDefault: false,
    audited: false,
    bold: false,
    doesDataCopy: false,
    fieldHelp: '',
    fieldType: 'user',
    findEnabled: true,
    id: 4,
    label: 'Record Owner',
    mode: '',
    noWrap: true,
    permissions: [ [Object], [Object], [Object] ],
    properties: {
      allowNewChoices: true,
      carryChoices: true,
      defaultKind: 'none',
      defaultValue: '',
      displayUser: 'fullnamelf',
      foreignKey: false,
      formula: '',
      primaryKey: false,
      sortAsGiven: true
    },
    required: false,
    unique: false
  },
  {
    appearsByDefault: false,
    audited: false,
    bold: false,
    doesDataCopy: false,
    fieldHelp: '',
    fieldType: 'user',
    findEnabled: true,
    id: 5,
    label: 'Last Modified By',
    mode: '',
    noWrap: true,
    permissions: [ [Object], [Object], [Object] ],
    properties: {
      allowNewChoices: true,
      carryChoices: true,
      defaultKind: 'none',
      defaultValue: '',
      displayUser: 'fullnamelf',
      foreignKey: false,
      formula: '',
      primaryKey: false,
      sortAsGiven: true
    },
    required: false,
    unique: false
  }
]
